Using GPU
Args in experiment:
[1mBasic Config[0m
  Task Name:          Exp_DistilTS        Is Training:        1                   
  Model ID:           core_Table2_Baseline_ETTh1_p96Model:              iTransformer        

[1mData Loader[0m
  Data:               ETTh1               Root Path:          ./dataset/ETT-small/
  Data Path:          ETTh1.csv           Features:           M                   
  Target:             OT                  Freq:               h                   
  Checkpoints:        ./checkpoints/      

[1mModel Parameters[0m
  Num Kernels:        6                   
  Enc In:             7                   Dec In:             7                   
  C Out:              7                   d model:            512                 
  n heads:            4                   e layers:           1                   
  d layers:           1                   d FF:               2048                
  Moving Avg:         25                  Factor:             3                   
  Distil:             1                   Dropout:            0.1                 
  Embed:              timeF               Activation:         gelu                

[1mRun Parameters[0m
  Num Workers:        10                  Itr:                1                   
  Train Epochs:       4                   Batch Size:         32                  
  Patience:           3                   Learning Rate:      0.0001              
  Des:                CoreReproduction    Loss:               MSE                 
  Lradj:              type1               Use Amp:            0                   

[1mGPU[0m
  Use GPU:            1                   GPU:                0                   
  Use Multi GPU:      0                   Devices:            0,1,2,3             

[1mDe-stationary Projector Params[0m
  P Hidden Dims:      128, 128            P Hidden Layers:    2                   

Use GPU: cuda:0
>>>>>>>start training : Exp_DistilTS_core_Table2_Baseline_ETTh1_p96_iTransformer_0.0001_0.0_TimeMoe>>>>>>>>>>>>>>>>>>>>>>>>>>
train 8033
val 2785
test 2785
	iters: 100, epoch: 1 | loss: 0.3912267
	speed: 0.6097s/iter; left time: 554.2273s
	iters: 200, epoch: 1 | loss: 0.3156043
	speed: 0.0092s/iter; left time: 7.4659s
Epoch: 1 cost time: 65.14838314056396
Epoch: 1, Steps: 252 | Train Loss: 0.3953952 Vali Loss: 0.6974030 Test Loss: 0.3871443
Validation loss decreased (inf --> 0.697403).  Saving model ...
	iters: 100, epoch: 2 | loss: 0.3347488
	speed: 1.8763s/iter; left time: 1232.7188s
	iters: 200, epoch: 2 | loss: 0.4492980
	speed: 0.0086s/iter; left time: 4.7737s
Epoch: 2 cost time: 62.665810346603394
Epoch: 2, Steps: 252 | Train Loss: 0.3288610 Vali Loss: 0.7202389 Test Loss: 0.3975039
EarlyStopping counter: 1 out of 3
	iters: 100, epoch: 3 | loss: 0.3067757
	speed: 1.8700s/iter; left time: 757.3596s
	iters: 200, epoch: 3 | loss: 0.2538985
	speed: 0.0094s/iter; left time: 2.8765s
Epoch: 3 cost time: 63.5943648815155
Epoch: 3, Steps: 252 | Train Loss: 0.2952853 Vali Loss: 0.7485332 Test Loss: 0.4010171
EarlyStopping counter: 2 out of 3
	iters: 100, epoch: 4 | loss: 0.2676798
	speed: 1.8928s/iter; left time: 289.5919s
	iters: 200, epoch: 4 | loss: 0.2618763
	speed: 0.0088s/iter; left time: 0.4666s
Epoch: 4 cost time: 64.68654561042786
Epoch: 4, Steps: 252 | Train Loss: 0.2745872 Vali Loss: 0.7606379 Test Loss: 0.4133820
EarlyStopping counter: 3 out of 3
Early stopping
>>>>>>>testing : Exp_DistilTS_core_Table2_Baseline_ETTh1_p96_iTransformer_0.0001_0.0_TimeMoe<<<<<<<<<<<<<<<<<<<<<<<<<<<<<<<<<
test 2785
test shape: (2785, 96, 7) (2785, 96, 7)
test shape: (2785, 96, 7) (2785, 96, 7)
mse:0.38592851161956787, mae:0.41259074211120605, rmse:0.6212314367294312, mape:10.136433601379395, mspe:42024.05859375
================================================================================
Model Profiling Summary
Total Params             : 3,465,312
Inference Time (s)       : 0.001631
GPU Mem Footprint (MB)   : 44.38
Peak Mem (MB)            : 53.01
================================================================================
