Using GPU
Args in experiment:
[1mBasic Config[0m
  Task Name:          Exp_DistilTS        Is Training:        1                   
  Model ID:           core_Table2_Baseline_ETTh1_p192Model:              iTransformer        

[1mData Loader[0m
  Data:               ETTh1               Root Path:          ./dataset/ETT-small/
  Data Path:          ETTh1.csv           Features:           M                   
  Target:             OT                  Freq:               h                   
  Checkpoints:        ./checkpoints/      

[1mModel Parameters[0m
  Num Kernels:        6                   
  Enc In:             7                   Dec In:             7                   
  C Out:              7                   d model:            512                 
  n heads:            4                   e layers:           1                   
  d layers:           1                   d FF:               2048                
  Moving Avg:         25                  Factor:             3                   
  Distil:             1                   Dropout:            0.1                 
  Embed:              timeF               Activation:         gelu                

[1mRun Parameters[0m
  Num Workers:        10                  Itr:                1                   
  Train Epochs:       4                   Batch Size:         32                  
  Patience:           3                   Learning Rate:      0.0001              
  Des:                CoreReproduction    Loss:               MSE                 
  Lradj:              type1               Use Amp:            0                   

[1mGPU[0m
  Use GPU:            1                   GPU:                0                   
  Use Multi GPU:      0                   Devices:            0,1,2,3             

[1mDe-stationary Projector Params[0m
  P Hidden Dims:      128, 128            P Hidden Layers:    2                   

Use GPU: cuda:0
>>>>>>>start training : Exp_DistilTS_core_Table2_Baseline_ETTh1_p192_iTransformer_0.0001_0.0_TimeMoe>>>>>>>>>>>>>>>>>>>>>>>>>>
train 7425
val 2689
test 2689
	iters: 100, epoch: 1 | loss: 0.3736980
	speed: 0.5942s/iter; left time: 494.9645s
	iters: 200, epoch: 1 | loss: 0.3437218
	speed: 0.0104s/iter; left time: 7.6231s
Epoch: 1 cost time: 63.47853398323059
Epoch: 1, Steps: 233 | Train Loss: 0.4377593 Vali Loss: 1.0601251 Test Loss: 0.4277974
Validation loss decreased (inf --> 1.060125).  Saving model ...
	iters: 100, epoch: 2 | loss: 0.3645343
	speed: 1.8388s/iter; left time: 1103.2661s
	iters: 200, epoch: 2 | loss: 0.2932998
	speed: 0.0120s/iter; left time: 5.9995s
Epoch: 2 cost time: 63.00487971305847
Epoch: 2, Steps: 233 | Train Loss: 0.3500539 Vali Loss: 1.1231531 Test Loss: 0.4375757
EarlyStopping counter: 1 out of 3
	iters: 100, epoch: 3 | loss: 0.3147215
	speed: 1.8451s/iter; left time: 677.1570s
	iters: 200, epoch: 3 | loss: 0.3007963
	speed: 0.0114s/iter; left time: 3.0542s
Epoch: 3 cost time: 62.49900960922241
Epoch: 3, Steps: 233 | Train Loss: 0.3149694 Vali Loss: 1.1818806 Test Loss: 0.4635890
EarlyStopping counter: 2 out of 3
	iters: 100, epoch: 4 | loss: 0.2810743
	speed: 1.8650s/iter; left time: 249.9059s
	iters: 200, epoch: 4 | loss: 0.3325399
	speed: 0.0101s/iter; left time: 0.3450s
Epoch: 4 cost time: 63.391820192337036
Epoch: 4, Steps: 233 | Train Loss: 0.2909224 Vali Loss: 1.2771024 Test Loss: 0.4922381
EarlyStopping counter: 3 out of 3
Early stopping
>>>>>>>testing : Exp_DistilTS_core_Table2_Baseline_ETTh1_p192_iTransformer_0.0001_0.0_TimeMoe<<<<<<<<<<<<<<<<<<<<<<<<<<<<<<<<<
test 2689
test shape: (2689, 192, 7) (2689, 192, 7)
test shape: (2689, 192, 7) (2689, 192, 7)
mse:0.4269740581512451, mae:0.44453009963035583, rmse:0.6534325480461121, mape:11.177090644836426, mspe:44746.3359375
================================================================================
Model Profiling Summary
Total Params             : 3,776,704
Inference Time (s)       : 0.001691
GPU Mem Footprint (MB)   : 47.76
Peak Mem (MB)            : 56.75
================================================================================
