Using GPU
Args in experiment:
[1mBasic Config[0m
  Task Name:          Exp_DistilTS        Is Training:        1                   
  Model ID:           core_Table2_Baseline_ETTm2_p96Model:              iTransformer        

[1mData Loader[0m
  Data:               ETTm2               Root Path:          ./dataset/ETT-small/
  Data Path:          ETTm2.csv           Features:           M                   
  Target:             OT                  Freq:               h                   
  Checkpoints:        ./checkpoints/      

[1mModel Parameters[0m
  Num Kernels:        6                   
  Enc In:             7                   Dec In:             7                   
  C Out:              7                   d model:            512                 
  n heads:            4                   e layers:           1                   
  d layers:           1                   d FF:               2048                
  Moving Avg:         25                  Factor:             3                   
  Distil:             1                   Dropout:            0.1                 
  Embed:              timeF               Activation:         gelu                

[1mRun Parameters[0m
  Num Workers:        10                  Itr:                1                   
  Train Epochs:       4                   Batch Size:         32                  
  Patience:           3                   Learning Rate:      0.0001              
  Des:                CoreReproduction    Loss:               MSE                 
  Lradj:              type1               Use Amp:            0                   

[1mGPU[0m
  Use GPU:            1                   GPU:                0                   
  Use Multi GPU:      0                   Devices:            0,1,2,3             

[1mDe-stationary Projector Params[0m
  P Hidden Dims:      128, 128            P Hidden Layers:    2                   

Use GPU: cuda:0
>>>>>>>start training : Exp_DistilTS_core_Table2_Baseline_ETTm2_p96_iTransformer_0.0001_0.0_TimeMoe>>>>>>>>>>>>>>>>>>>>>>>>>>
train 33953
val 11425
test 11425
	iters: 100, epoch: 1 | loss: 0.4323688
	speed: 0.6016s/iter; left time: 2496.1358s
	iters: 200, epoch: 1 | loss: 0.1136703
	speed: 0.0090s/iter; left time: 36.2866s
	iters: 300, epoch: 1 | loss: 0.1687842
	speed: 0.0089s/iter; left time: 35.1004s
	iters: 400, epoch: 1 | loss: 0.1600243
	speed: 0.0094s/iter; left time: 36.0218s
	iters: 500, epoch: 1 | loss: 0.1014644
	speed: 0.0105s/iter; left time: 39.2356s
	iters: 600, epoch: 1 | loss: 0.1615892
	speed: 0.0097s/iter; left time: 35.4539s
	iters: 700, epoch: 1 | loss: 0.1491941
	speed: 0.0106s/iter; left time: 37.5921s
	iters: 800, epoch: 1 | loss: 0.2037409
	speed: 0.0089s/iter; left time: 30.7619s
	iters: 900, epoch: 1 | loss: 0.2069670
	speed: 0.0095s/iter; left time: 31.8986s
	iters: 1000, epoch: 1 | loss: 0.1678627
	speed: 0.0086s/iter; left time: 27.8268s
Epoch: 1 cost time: 71.8519196510315
Epoch: 1, Steps: 1062 | Train Loss: 0.2033602 Vali Loss: 0.1232069 Test Loss: 0.1791780
Validation loss decreased (inf --> 0.123207).  Saving model ...
	iters: 100, epoch: 2 | loss: 0.1718373
	speed: 1.8769s/iter; left time: 5793.9644s
	iters: 200, epoch: 2 | loss: 0.1249172
	speed: 0.0092s/iter; left time: 27.4364s
	iters: 300, epoch: 2 | loss: 0.1187254
	speed: 0.0082s/iter; left time: 23.6948s
	iters: 400, epoch: 2 | loss: 0.1011157
	speed: 0.0083s/iter; left time: 23.2370s
	iters: 500, epoch: 2 | loss: 0.2374322
	speed: 0.0081s/iter; left time: 21.8684s
	iters: 600, epoch: 2 | loss: 0.1758275
	speed: 0.0087s/iter; left time: 22.5059s
	iters: 700, epoch: 2 | loss: 0.2354603
	speed: 0.0090s/iter; left time: 22.3071s
	iters: 800, epoch: 2 | loss: 0.1193506
	speed: 0.0092s/iter; left time: 22.0122s
	iters: 900, epoch: 2 | loss: 0.1057032
	speed: 0.0095s/iter; left time: 21.7478s
	iters: 1000, epoch: 2 | loss: 0.1620543
	speed: 0.0093s/iter; left time: 20.3668s
Epoch: 2 cost time: 69.41698670387268
Epoch: 2, Steps: 1062 | Train Loss: 0.1584346 Vali Loss: 0.1281615 Test Loss: 0.1807020
EarlyStopping counter: 1 out of 3
	iters: 100, epoch: 3 | loss: 0.1817379
	speed: 1.8741s/iter; left time: 3795.0041s
	iters: 200, epoch: 3 | loss: 0.1435788
	speed: 0.0100s/iter; left time: 19.2491s
	iters: 300, epoch: 3 | loss: 0.1395626
	speed: 0.0099s/iter; left time: 18.0383s
	iters: 400, epoch: 3 | loss: 0.1385044
	speed: 0.0104s/iter; left time: 17.9759s
	iters: 500, epoch: 3 | loss: 0.1576233
	speed: 0.0127s/iter; left time: 20.5991s
	iters: 600, epoch: 3 | loss: 0.1301590
	speed: 0.0116s/iter; left time: 17.6638s
	iters: 700, epoch: 3 | loss: 0.1579810
	speed: 0.0091s/iter; left time: 12.9899s
	iters: 800, epoch: 3 | loss: 0.1158633
	speed: 0.0087s/iter; left time: 11.4795s
	iters: 900, epoch: 3 | loss: 0.0919245
	speed: 0.0089s/iter; left time: 10.9048s
	iters: 1000, epoch: 3 | loss: 0.0902336
	speed: 0.0086s/iter; left time: 9.6438s
Epoch: 3 cost time: 70.17320251464844
Epoch: 3, Steps: 1062 | Train Loss: 0.1430333 Vali Loss: 0.1367284 Test Loss: 0.1924282
EarlyStopping counter: 2 out of 3
	iters: 100, epoch: 4 | loss: 0.2352825
	speed: 1.9025s/iter; left time: 1832.1054s
	iters: 200, epoch: 4 | loss: 0.1594038
	speed: 0.0087s/iter; left time: 7.5164s
	iters: 300, epoch: 4 | loss: 0.1568340
	speed: 0.0090s/iter; left time: 6.8925s
	iters: 400, epoch: 4 | loss: 0.1576180
	speed: 0.0092s/iter; left time: 6.1110s
	iters: 500, epoch: 4 | loss: 0.1461994
	speed: 0.0088s/iter; left time: 4.9543s
	iters: 600, epoch: 4 | loss: 0.0966786
	speed: 0.0087s/iter; left time: 4.0463s
	iters: 700, epoch: 4 | loss: 0.1166464
	speed: 0.0098s/iter; left time: 3.5429s
	iters: 800, epoch: 4 | loss: 0.1096750
	speed: 0.0125s/iter; left time: 3.2848s
	iters: 900, epoch: 4 | loss: 0.1008959
	speed: 0.0109s/iter; left time: 1.7747s
	iters: 1000, epoch: 4 | loss: 0.0975511
	speed: 0.0089s/iter; left time: 0.5603s
Epoch: 4 cost time: 71.5044584274292
Epoch: 4, Steps: 1062 | Train Loss: 0.1332416 Vali Loss: 0.1360041 Test Loss: 0.1926686
EarlyStopping counter: 3 out of 3
Early stopping
>>>>>>>testing : Exp_DistilTS_core_Table2_Baseline_ETTm2_p96_iTransformer_0.0001_0.0_TimeMoe<<<<<<<<<<<<<<<<<<<<<<<<<<<<<<<<<
test 11425
test shape: (11425, 96, 7) (11425, 96, 7)
test shape: (11425, 96, 7) (11425, 96, 7)
mse:0.17938974499702454, mae:0.26833799481391907, rmse:0.4235442578792572, mape:1.09389328956604, mspe:204.9067840576172
================================================================================
Model Profiling Summary
Total Params             : 3,465,312
Inference Time (s)       : 0.001548
GPU Mem Footprint (MB)   : 44.38
Peak Mem (MB)            : 53.01
================================================================================
