Using GPU
Args in experiment:
[1mBasic Config[0m
  Task Name:          Exp_DistilTS        Is Training:        1                   
  Model ID:           core_Table2_OnlyFTA_ETTm2_p192Model:              iTransformer        

[1mData Loader[0m
  Data:               ETTm2               Root Path:          ./dataset/ETT-small/
  Data Path:          ETTm2.csv           Features:           M                   
  Target:             OT                  Freq:               h                   
  Checkpoints:        ./checkpoints/      

[1mModel Parameters[0m
  Num Kernels:        6                   
  Enc In:             7                   Dec In:             7                   
  C Out:              7                   d model:            512                 
  n heads:            4                   e layers:           1                   
  d layers:           1                   d FF:               2048                
  Moving Avg:         25                  Factor:             3                   
  Distil:             1                   Dropout:            0.1                 
  Embed:              timeF               Activation:         gelu                

[1mRun Parameters[0m
  Num Workers:        10                  Itr:                1                   
  Train Epochs:       4                   Batch Size:         32                  
  Patience:           3                   Learning Rate:      0.0001              
  Des:                CoreReproduction    Loss:               MSE                 
  Lradj:              type1               Use Amp:            0                   

[1mGPU[0m
  Use GPU:            1                   GPU:                0                   
  Use Multi GPU:      0                   Devices:            0,1,2,3             

[1mDe-stationary Projector Params[0m
  P Hidden Dims:      128, 128            P Hidden Layers:    2                   

Use GPU: cuda:0
>>>>>>>start training : Exp_DistilTS_core_Table2_OnlyFTA_ETTm2_p192_iTransformer_0.0001_0.5_TimeMoe>>>>>>>>>>>>>>>>>>>>>>>>>>
train 33345
val 11329
test 11329
	iters: 100, epoch: 1 | loss: 0.3351071
	speed: 6.9678s/iter; left time: 28380.0320s
	iters: 200, epoch: 1 | loss: 0.4293983
	speed: 6.4184s/iter; left time: 25500.3682s
	iters: 300, epoch: 1 | loss: 0.3244132
	speed: 6.4254s/iter; left time: 24885.6786s
	iters: 400, epoch: 1 | loss: 0.2397203
	speed: 6.4133s/iter; left time: 24197.3548s
	iters: 500, epoch: 1 | loss: 0.2827781
	speed: 6.4053s/iter; left time: 23526.6222s
	iters: 600, epoch: 1 | loss: 0.3292362
	speed: 6.4162s/iter; left time: 22925.2168s
	iters: 700, epoch: 1 | loss: 0.2862678
	speed: 6.4176s/iter; left time: 22288.2009s
	iters: 800, epoch: 1 | loss: 0.4419488
	speed: 6.4094s/iter; left time: 21618.9247s
	iters: 900, epoch: 1 | loss: 0.4774528
	speed: 6.4207s/iter; left time: 21014.8271s
	iters: 1000, epoch: 1 | loss: 0.2272923
	speed: 6.4155s/iter; left time: 20356.3897s
Epoch: 1 cost time: 6743.417064666748
Epoch: 1, Steps: 1043 | Train Loss: 0.3232019 Vali Loss: 0.1744542 Test Loss: 0.2321883
Validation loss decreased (inf --> 0.174454).  Saving model ...
	iters: 100, epoch: 2 | loss: 0.3235128
	speed: 11.0089s/iter; left time: 33356.9607s
	iters: 200, epoch: 2 | loss: 0.2567089
	speed: 6.4127s/iter; left time: 18789.0916s
	iters: 300, epoch: 2 | loss: 0.2445317
	speed: 6.4194s/iter; left time: 18166.7875s
	iters: 400, epoch: 2 | loss: 0.2214843
	speed: 6.4110s/iter; left time: 17502.0163s
	iters: 500, epoch: 2 | loss: 0.3436735
	speed: 6.4089s/iter; left time: 16855.3117s
	iters: 600, epoch: 2 | loss: 0.2570733
	speed: 6.4136s/iter; left time: 16226.5217s
	iters: 700, epoch: 2 | loss: 0.2708300
	speed: 6.4195s/iter; left time: 15599.2963s
/usr/lib/python3.10/multiprocessing/resource_tracker.py:224: UserWarning: resource_tracker: There appear to be 38 leaked semaphore objects to clean up at shutdown
  warnings.warn('resource_tracker: There appear to be %d '
