--2026-06-01 00:34:23--  https://www.dropbox.com/s/t5dqiamjdzahhfc/iwslt14_de_en.preproessed.tgz?dl=0
Resolving www.dropbox.com (www.dropbox.com)... 162.125.80.18, 2620:100:6030:18::a27d:5012
Connecting to www.dropbox.com (www.dropbox.com)|162.125.80.18|:443... connected.
HTTP request sent, awaiting response... 302 Found
Location: https://www.dropbox.com/scl/fi/35454ky9kauogu0tw486g/iwslt14_de_en.preproessed.tgz?rlkey=i2obwjpymfq4sjtgad83k7zet&dl=0 [following]
--2026-06-01 00:34:24--  https://www.dropbox.com/scl/fi/35454ky9kauogu0tw486g/iwslt14_de_en.preproessed.tgz?rlkey=i2obwjpymfq4sjtgad83k7zet&dl=0
Reusing existing connection to www.dropbox.com:443.
HTTP request sent, awaiting response... 302 Found
Location: https://uc587857ad6e38e6801df0d9ec00.dl.dropboxusercontent.com/cd/0/inline/DBibidLtldzcozW26e-3veaIjJmqsYYJGxINmv1xCbFSQISIEk1Ks6pbs2zXMNs9r0-3kVaZUp07TJ1VEnMFl-DmtsbJ2VLkMh-CzgP9SeRTYxXZdypi8rCHuFAyl9cEJnOMaBVkcvwhM9pdvJ9gayKU/file# [following]
--2026-06-01 00:34:25--  https://uc587857ad6e38e6801df0d9ec00.dl.dropboxusercontent.com/cd/0/inline/DBibidLtldzcozW26e-3veaIjJmqsYYJGxINmv1xCbFSQISIEk1Ks6pbs2zXMNs9r0-3kVaZUp07TJ1VEnMFl-DmtsbJ2VLkMh-CzgP9SeRTYxXZdypi8rCHuFAyl9cEJnOMaBVkcvwhM9pdvJ9gayKU/file
Resolving uc587857ad6e38e6801df0d9ec00.dl.dropboxusercontent.com (uc587857ad6e38e6801df0d9ec00.dl.dropboxusercontent.com)... 162.125.80.15, 2620:100:6030:15::a27d:500f
Connecting to uc587857ad6e38e6801df0d9ec00.dl.dropboxusercontent.com (uc587857ad6e38e6801df0d9ec00.dl.dropboxusercontent.com)|162.125.80.15|:443... connected.
HTTP request sent, awaiting response... 302 Found
Location: /cd/0/inline2/DBgEplhyQjeU3fAoCwuL3TD2JBDjvcNfSCv_22v3muGnkLdFdtvIEvQFDUYQv9n1wtuTW2hlTegTw7K8UlAx1yRzzdMB5KmrLXnbekezDtZ_yDP25tXuM7NIQv5FbS7naJDV3B8E0yuNkSqgBjwnOWyTRB-_d3dpasy6ywl0e78eCgVjDc7b60hNzuOFuIJr-nKHMJ5GnGzstQEAU4Sd4CbgZI19TJUNScM--jKMkzTVFkf2WDwuedLTcqB37P26qyleFRI94wGmAoJU_MJe7nLysj7JuqvcYIT7bmO7fM223d8hgZyFExW3LqgvJxXR73irTDb-wBc55QpnpMsTkxQsk1-NxJkXAe1yrsAY4ogYK2Armhwqks7MsHCOGF-KnQ8/file [following]
--2026-06-01 00:34:27--  https://uc587857ad6e38e6801df0d9ec00.dl.dropboxusercontent.com/cd/0/inline2/DBgEplhyQjeU3fAoCwuL3TD2JBDjvcNfSCv_22v3muGnkLdFdtvIEvQFDUYQv9n1wtuTW2hlTegTw7K8UlAx1yRzzdMB5KmrLXnbekezDtZ_yDP25tXuM7NIQv5FbS7naJDV3B8E0yuNkSqgBjwnOWyTRB-_d3dpasy6ywl0e78eCgVjDc7b60hNzuOFuIJr-nKHMJ5GnGzstQEAU4Sd4CbgZI19TJUNScM--jKMkzTVFkf2WDwuedLTcqB37P26qyleFRI94wGmAoJU_MJe7nLysj7JuqvcYIT7bmO7fM223d8hgZyFExW3LqgvJxXR73irTDb-wBc55QpnpMsTkxQsk1-NxJkXAe1yrsAY4ogYK2Armhwqks7MsHCOGF-KnQ8/file
Reusing existing connection to uc587857ad6e38e6801df0d9ec00.dl.dropboxusercontent.com:443.
HTTP request sent, awaiting response... 200 OK
Length: 11671871 (11M) [application/x-gtar]
Saving to: 'data/binary/iwslt14_de_en/iwslt14_de_en.preprocessed.tgz'

     0K .......... .......... .......... .......... ..........  0%  221K 51s
    50K .......... .......... .......... .......... ..........  0%  467K 38s
   100K .......... .......... .......... .......... ..........  1%  660K 31s
   150K .......... .......... .......... .......... ..........  1% 1.11M 25s
   200K .......... .......... .......... .......... ..........  2% 1.24M 22s
   250K .......... .......... .......... .......... ..........  2% 1.33M 20s
   300K .......... .......... .......... .......... ..........  3% 1.64M 18s
   350K .......... .......... .......... .......... ..........  3% 1.80M 16s
   400K .......... .......... .......... .......... ..........  3% 1.65M 15s
   450K .......... .......... .......... .......... ..........  4% 2.53M 14s
   500K .......... .......... .......... .......... ..........  4% 2.74M 13s
   550K .......... .......... .......... .......... ..........  5% 3.20M 12s
   600K .......... .......... .......... .......... ..........  5% 3.27M 11s
   650K .......... .......... .......... .......... ..........  6% 3.56M 11s
   700K .......... .......... .......... .......... ..........  6% 3.86M 10s
   750K .......... .......... .......... .......... ..........  7% 3.84M 10s
   800K .......... .......... .......... .......... ..........  7% 3.19M 9s
   850K .......... .......... .......... .......... ..........  7% 4.43M 9s
   900K .......... .......... .......... .......... ..........  8% 4.89M 8s
   950K .......... .......... .......... .......... ..........  8% 5.00M 8s
  1000K .......... .......... .......... .......... ..........  9% 4.91M 8s
  1050K .......... .......... .......... .......... ..........  9% 5.60M 7s
  1100K .......... .......... .......... .......... .......... 10% 5.76M 7s
  1150K .......... .......... .......... .......... .......... 10% 6.17M 7s
  1200K .......... .......... .......... .......... .......... 10% 4.58M 7s
  1250K .......... .......... .......... .......... .......... 11% 6.81M 6s
  1300K .......... .......... .......... .......... .......... 11% 7.01M 6s
  1350K .......... .......... .......... .......... .......... 12% 6.64M 6s
  1400K .......... .......... .......... .......... .......... 12% 7.59M 6s
  1450K .......... .......... .......... .......... .......... 13% 8.15M 6s
  1500K .......... .......... .......... .......... .......... 13% 7.73M 5s
  1550K .......... .......... .......... .......... .......... 14% 7.97M 5s
  1600K .......... .......... .......... .......... .......... 14% 6.45M 5s
  1650K .......... .......... .......... .......... .......... 14% 9.07M 5s
  1700K .......... .......... .......... .......... .......... 15% 8.48M 5s
  1750K .......... .......... .......... .......... .......... 15% 9.73M 5s
  1800K .......... .......... .......... .......... .......... 16% 9.60M 5s
  1850K .......... .......... .......... .......... .......... 16% 9.24M 4s
  1900K .......... .......... .......... .......... .......... 17% 10.4M 4s
  1950K .......... .......... .......... .......... .......... 17% 9.00M 4s
  2000K .......... .......... .......... .......... .......... 17% 7.88M 4s
  2050K .......... .......... .......... .......... .......... 18% 9.72M 4s
  2100K .......... .......... .......... .......... .......... 18% 12.0M 4s
  2150K .......... .......... .......... .......... .......... 19% 10.4M 4s
  2200K .......... .......... .......... .......... .......... 19% 10.9M 4s
  2250K .......... .......... .......... .......... .......... 20% 11.9M 4s
  2300K .......... .......... .......... .......... .......... 20% 12.9M 4s
  2350K .......... .......... .......... .......... .......... 21% 11.5M 4s
  2400K .......... .......... .......... .......... .......... 21% 8.93M 3s
  2450K .......... .......... .......... .......... .......... 21% 12.2M 3s
  2500K .......... .......... .......... .......... .......... 22% 15.1M 3s
  2550K .......... .......... .......... .......... .......... 22% 12.4M 3s
  2600K .......... .......... .......... .......... .......... 23% 12.0M 3s
  2650K .......... .......... .......... .......... .......... 23% 13.6M 3s
  2700K .......... .......... .......... .......... .......... 24% 15.3M 3s
  2750K .......... .......... .......... .......... .......... 24% 14.9M 3s
  2800K .......... .......... .......... .......... .......... 25% 10.8M 3s
  2850K .......... .......... .......... .......... .......... 25% 13.6M 3s
  2900K .......... .......... .......... .......... .......... 25% 17.7M 3s
  2950K .......... .......... .......... .......... .......... 26% 16.0M 3s
  3000K .......... .......... .......... .......... .......... 26% 13.0M 3s
  3050K .......... .......... .......... .......... .......... 27% 15.5M 3s
  3100K .......... .......... .......... .......... .......... 27% 22.3M 3s
  3150K .......... .......... .......... .......... .......... 28% 16.0M 3s
  3200K .......... .......... .......... .......... .......... 28% 11.9M 3s
  3250K .......... .......... .......... .......... .......... 28% 14.7M 2s
  3300K .......... .......... .......... .......... .......... 29% 16.9M 2s
  3350K .......... .......... .......... .......... .......... 29% 24.3M 2s
  3400K .......... .......... .......... .......... .......... 30% 16.3M 2s
  3450K .......... .......... .......... .......... .......... 30% 15.8M 2s
  3500K .......... .......... .......... .......... .......... 31% 25.4M 2s
  3550K .......... .......... .......... .......... .......... 31% 15.3M 2s
  3600K .......... .......... .......... .......... .......... 32% 14.1M 2s
  3650K .......... .......... .......... .......... .......... 32% 24.7M 2s
  3700K .......... .......... .......... .......... .......... 32% 12.9M 2s
  3750K .......... .......... .......... .......... .......... 33% 28.1M 2s
  3800K .......... .......... .......... .......... .......... 33% 20.3M 2s
  3850K .......... .......... .......... .......... .......... 34% 16.0M 2s
  3900K .......... .......... .......... .......... .......... 34% 16.4M 2s
  3950K .......... .......... .......... .......... .......... 35% 29.4M 2s
  4000K .......... .......... .......... .......... .......... 35% 14.0M 2s
  4050K .......... .......... .......... .......... .......... 35% 23.6M 2s
  4100K .......... .......... .......... .......... .......... 36% 16.7M 2s
  4150K .......... .......... .......... .......... .......... 36% 18.9M 2s
  4200K .......... .......... .......... .......... .......... 37% 26.0M 2s
  4250K .......... .......... .......... .......... .......... 37% 27.5M 2s
  4300K .......... .......... .......... .......... .......... 38% 14.3M 2s
  4350K .......... .......... .......... .......... .......... 38% 26.8M 2s
  4400K .......... .......... .......... .......... .......... 39% 18.5M 2s
  4450K .......... .......... .......... .......... .......... 39% 25.9M 2s
  4500K .......... .......... .......... .......... .......... 39% 24.7M 2s
  4550K .......... .......... .......... .......... .......... 40% 16.5M 2s
  4600K .......... .......... .......... .......... .......... 40% 24.1M 2s
  4650K .......... .......... .......... .......... .......... 41% 26.2M 2s
  4700K .......... .......... .......... .......... .......... 41% 31.1M 2s
  4750K .......... .......... .......... .......... .......... 42% 19.2M 1s
  4800K .......... .......... .......... .......... .......... 42% 14.3M 1s
  4850K .......... .......... .......... .......... .......... 42% 39.5M 1s
  4900K .......... .......... .......... .......... .......... 43% 25.6M 1s
  4950K .......... .......... .......... .......... .......... 43% 32.4M 1s
  5000K .......... .......... .......... .......... .......... 44% 15.4M 1s
  5050K .......... .......... .......... .......... .......... 44% 48.9M 1s
  5100K .......... .......... .......... .......... .......... 45% 25.4M 1s
  5150K .......... .......... .......... .......... .......... 45% 32.6M 1s
  5200K .......... .......... .......... .......... .......... 46% 18.9M 1s
  5250K .......... .......... .......... .......... .......... 46% 20.7M 1s
  5300K .......... .......... .......... .......... .......... 46% 33.2M 1s
  5350K .......... .......... .......... .......... .......... 47% 30.2M 1s
  5400K .......... .......... .......... .......... .......... 47% 23.9M 1s
  5450K .......... .......... .......... .......... .......... 48% 24.7M 1s
  5500K .......... .......... .......... .......... .......... 48% 24.0M 1s
  5550K .......... .......... .......... .......... .......... 49% 34.3M 1s
  5600K .......... .......... .......... .......... .......... 49% 21.2M 1s
  5650K .......... .......... .......... .......... .......... 50% 30.9M 1s
  5700K .......... .......... .......... .......... .......... 50% 28.9M 1s
  5750K .......... .......... .......... .......... .......... 50% 34.2M 1s
  5800K .......... .......... .......... .......... .......... 51% 17.0M 1s
  5850K .......... .......... .......... .......... .......... 51% 69.9M 1s
  5900K .......... .......... .......... .......... .......... 52% 23.5M 1s
  5950K .......... .......... .......... .......... .......... 52% 42.3M 1s
  6000K .......... .......... .......... .......... .......... 53% 23.0M 1s
  6050K .......... .......... .......... .......... .......... 53% 26.4M 1s
  6100K .......... .......... .......... .......... .......... 53% 43.2M 1s
  6150K .......... .......... .......... .......... .......... 54% 26.4M 1s
  6200K .......... .......... .......... .......... .......... 54% 40.9M 1s
  6250K .......... .......... .......... .......... .......... 55% 25.7M 1s
  6300K .......... .......... .......... .......... .......... 55% 50.4M 1s
  6350K .......... .......... .......... .......... .......... 56% 21.3M 1s
  6400K .......... .......... .......... .......... .......... 56% 26.6M 1s
  6450K .......... .......... .......... .......... .......... 57% 52.5M 1s
  6500K .......... .......... .......... .......... .......... 57% 21.1M 1s
  6550K .......... .......... .......... .......... .......... 57% 87.5M 1s
  6600K .......... .......... .......... .......... .......... 58% 26.6M 1s
  6650K .......... .......... .......... .......... .......... 58% 43.0M 1s
  6700K .......... .......... .......... .......... .......... 59% 28.9M 1s
  6750K .......... .......... .......... .......... .......... 59% 53.7M 1s
  6800K .......... .......... .......... .......... .......... 60% 25.5M 1s
  6850K .......... .......... .......... .......... .......... 60% 25.5M 1s
  6900K .......... .......... .......... .......... .......... 60% 76.9M 1s
  6950K .......... .......... .......... .......... .......... 61% 29.5M 1s
  7000K .......... .......... .......... .......... .......... 61% 47.1M 1s
  7050K .......... .......... .......... .......... .......... 62% 28.6M 1s
  7100K .......... .......... .......... .......... .......... 62% 54.7M 1s
  7150K .......... .......... .......... .......... .......... 63% 20.9M 1s
  7200K .......... .......... .......... .......... .......... 63% 45.2M 1s
  7250K .......... .......... .......... .......... .......... 64% 40.6M 1s
  7300K .......... .......... .......... .......... .......... 64% 30.9M 1s
  7350K .......... .......... .......... .......... .......... 64% 72.2M 1s
  7400K .......... .......... .......... .......... .......... 65% 29.8M 1s
  7450K .......... .......... .......... .......... .......... 65% 47.5M 1s
  7500K .......... .......... .......... .......... .......... 66% 29.3M 1s
  7550K .......... .......... .......... .......... .......... 66% 67.7M 1s
  7600K .......... .......... .......... .......... .......... 67% 30.1M 1s
  7650K .......... .......... .......... .......... .......... 67% 33.8M 1s
  7700K .......... .......... .......... .......... .......... 67% 44.1M 1s
  7750K .......... .......... .......... .......... .......... 68% 30.0M 1s
  7800K .......... .......... .......... .......... .......... 68% 61.5M 1s
  7850K .......... .......... .......... .......... .......... 69% 23.1M 1s
  7900K .......... .......... .......... .......... .......... 69% 81.9M 1s
  7950K .......... .......... .......... .......... .......... 70% 34.3M 1s
  8000K .......... .......... .......... .......... .......... 70% 29.1M 0s
  8050K .......... .......... .......... .......... .......... 71% 83.0M 0s
  8100K .......... .......... .......... .......... .......... 71% 20.0M 0s
  8150K .......... .......... .......... .......... .......... 71% 1.06M 0s
  8200K .......... .......... .......... .......... .......... 72% 62.7M 0s
  8250K .......... .......... .......... .......... .......... 72% 45.9M 0s
  8300K .......... .......... .......... .......... .......... 73% 64.9M 0s
  8350K .......... .......... .......... .......... .......... 73% 47.4M 0s
  8400K .......... .......... .......... .......... .......... 74% 41.4M 0s
  8450K .......... .......... .......... .......... .......... 74% 63.7M 0s
  8500K .......... .......... .......... .......... .......... 75% 52.5M 0s
  8550K .......... .......... .......... .......... .......... 75% 48.4M 0s
  8600K .......... .......... .......... .......... .......... 75%  256M 0s
  8650K .......... .......... .......... .......... .......... 76% 47.2M 0s
  8700K .......... .......... .......... .......... .......... 76% 49.1M 0s
  8750K .......... .......... .......... .......... .......... 77% 55.5M 0s
  8800K .......... .......... .......... .......... .......... 77% 44.2M 0s
  8850K .......... .......... .......... .......... .......... 78% 43.9M 0s
  8900K .......... .......... .......... .......... .......... 78% 44.5M 0s
  8950K .......... .......... .......... .......... .......... 78% 52.4M 0s
  9000K .......... .......... .......... .......... .......... 79%  142M 0s
  9050K .......... .......... .......... .......... .......... 79% 52.5M 0s
  9100K .......... .......... .......... .......... .......... 80% 42.2M 0s
  9150K .......... .......... .......... .......... .......... 80% 48.4M 0s
  9200K .......... .......... .......... .......... .......... 81% 48.5M 0s
  9250K .......... .......... .......... .......... .......... 81%  149M 0s
  9300K .......... .......... .......... .......... .......... 82% 46.7M 0s
  9350K .......... .......... .......... .......... .......... 82% 52.4M 0s
  9400K .......... .......... .......... .......... .......... 82% 52.6M 0s
  9450K .......... .......... .......... .......... .......... 83%  130M 0s
  9500K .......... .......... .......... .......... .......... 83% 46.4M 0s
  9550K .......... .......... .......... .......... .......... 84% 50.1M 0s
  9600K .......... .......... .......... .......... .......... 84% 44.8M 0s
  9650K .......... .......... .......... .......... .......... 85% 61.3M 0s
  9700K .......... .......... .......... .......... .......... 85%  161M 0s
  9750K .......... .......... .......... .......... .......... 85% 49.0M 0s
  9800K .......... .......... .......... .......... .......... 86% 44.0M 0s
  9850K .......... .......... .......... .......... .......... 86% 51.7M 0s
  9900K .......... .......... .......... .......... .......... 87%  253M 0s
  9950K .......... .......... .......... .......... .......... 87% 50.9M 0s
 10000K .......... .......... .......... .......... .......... 88% 48.3M 0s
 10050K .......... .......... .......... .......... .......... 88% 44.0M 0s
 10100K .......... .......... .......... .......... .......... 89% 68.2M 0s
 10150K .......... .......... .......... .......... .......... 89%  133M 0s
 10200K .......... .......... .......... .......... .......... 89% 50.7M 0s
 10250K .......... .......... .......... .......... .......... 90% 50.4M 0s
 10300K .......... .......... .......... .......... .......... 90% 55.2M 0s
 10350K .......... .......... .......... .......... .......... 91% 45.6M 0s
 10400K .......... .......... .......... .......... .......... 91%  260M 0s
 10450K .......... .......... .......... .......... .......... 92% 50.0M 0s
 10500K .......... .......... .......... .......... .......... 92% 56.5M 0s
 10550K .......... .......... .......... .......... .......... 92% 56.7M 0s
 10600K .......... .......... .......... .......... .......... 93%  159M 0s
 10650K .......... .......... .......... .......... .......... 93% 56.5M 0s
 10700K .......... .......... .......... .......... .......... 94% 45.5M 0s
 10750K .......... .......... .......... .......... .......... 94% 64.7M 0s
 10800K .......... .......... .......... .......... .......... 95% 46.5M 0s
 10850K .......... .......... .......... .......... .......... 95%  267M 0s
 10900K .......... .......... .......... .......... .......... 96% 52.2M 0s
 10950K .......... .......... .......... .......... .......... 96% 64.3M 0s
 11000K .......... .......... .......... .......... .......... 96% 51.6M 0s
 11050K .......... .......... .......... .......... .......... 97%  272M 0s
 11100K .......... .......... .......... .......... .......... 97% 51.2M 0s
 11150K .......... .......... .......... .......... .......... 98% 56.5M 0s
 11200K .......... .......... .......... .......... .......... 98% 56.9M 0s
 11250K .......... .......... .......... .......... .......... 99% 55.5M 0s
 11300K .......... .......... .......... .......... .......... 99%  256M 0s
 11350K .......... .......... .......... .......... ........  100% 50.6M=1.3s

2026-06-01 00:34:29 (8.66 MB/s) - 'data/binary/iwslt14_de_en/iwslt14_de_en.preprocessed.tgz' saved [11671871/11671871]

./
./train.de-en.en.idx
./dict.de.txt
./dict.en.txt
./train.de-en.de.bin
./train.de-en.de.idx
./valid.de-en.de.bin
./valid.de-en.de.idx
./test.de-en.de.bin
./test.de-en.de.idx
./train.de-en.en.bin
./valid.de-en.en.bin
./valid.de-en.en.idx
./test.de-en.en.bin
./test.de-en.en.idx
