# SuperTransformer Training Environment
Mon Jun  1 00:38:12 CST 2026
y0ny9xctr1780243117444-2b2bl
Mon Jun  1 00:38:12 2026       
+---------------------------------------------------------------------------------------+
| NVIDIA-SMI 535.161.08             Driver Version: 535.161.08   CUDA Version: 12.2     |
|-----------------------------------------+----------------------+----------------------+
| GPU  Name                 Persistence-M | Bus-Id        Disp.A | Volatile Uncorr. ECC |
| Fan  Temp   Perf          Pwr:Usage/Cap |         Memory-Usage | GPU-Util  Compute M. |
|                                         |                      |               MIG M. |
|=========================================+======================+======================|
|   0  Tesla V100-SXM2-32GB           On  | 00000000:3D:00.0 Off |                    0 |
| N/A   25C    P0              40W / 300W |      0MiB / 32768MiB |      0%      Default |
|                                         |                      |                  N/A |
+-----------------------------------------+----------------------+----------------------+
                                                                                         
+---------------------------------------------------------------------------------------+
| Processes:                                                                            |
|  GPU   GI   CI        PID   Type   Process name                            GPU Memory |
|        ID   ID                                                             Usage      |
|=======================================================================================|
|  No running processes found                                                           |
+---------------------------------------------------------------------------------------+

/home/u4290247/miniconda3/bin/python
Python 3.13.13
Traceback (most recent call last):
  File "<string>", line 1, in <module>
    import torch; print('torch=', torch.__version__); print('cuda=', torch.cuda.is_available()); print('gpu=', torch.cuda.get_device_name(0) if torch.cuda.is_available() else 'NO GPU')
    ^^^^^^^^^^^^
ModuleNotFoundError: No module named 'torch'

bash: git: command not found
