--2026-06-01 00:39:36--  https://www.dropbox.com/s/t5dqiamjdzahhfc/iwslt14_de_en.preproessed.tgz?dl=0
Resolving www.dropbox.com (www.dropbox.com)... 162.125.80.18, 2620:100:6030:18::a27d:5012
Connecting to www.dropbox.com (www.dropbox.com)|162.125.80.18|:443... connected.
HTTP request sent, awaiting response... 302 Found
Location: https://www.dropbox.com/scl/fi/35454ky9kauogu0tw486g/iwslt14_de_en.preproessed.tgz?rlkey=i2obwjpymfq4sjtgad83k7zet&dl=0 [following]
--2026-06-01 00:39:38--  https://www.dropbox.com/scl/fi/35454ky9kauogu0tw486g/iwslt14_de_en.preproessed.tgz?rlkey=i2obwjpymfq4sjtgad83k7zet&dl=0
Reusing existing connection to www.dropbox.com:443.
HTTP request sent, awaiting response... 302 Found
Location: https://uc2f3fc3605e2768c32f39ebcb6b.dl.dropboxusercontent.com/cd/0/inline/DBgwuJ6D3hq1P6DUoq7b60UegmdJ3s2JSnZcEOBfHGW0qn2hPacFaj60YzUny_zUSh2fDQwNoaBnXlGJ-khmie-0uLel5BWNOz_eFQY3m1Ql0Teu5eg9Dlgnzw15Mq5BdVmpEBnAVpScr6tYOjI8SHh_/file# [following]
--2026-06-01 00:39:39--  https://uc2f3fc3605e2768c32f39ebcb6b.dl.dropboxusercontent.com/cd/0/inline/DBgwuJ6D3hq1P6DUoq7b60UegmdJ3s2JSnZcEOBfHGW0qn2hPacFaj60YzUny_zUSh2fDQwNoaBnXlGJ-khmie-0uLel5BWNOz_eFQY3m1Ql0Teu5eg9Dlgnzw15Mq5BdVmpEBnAVpScr6tYOjI8SHh_/file
Resolving uc2f3fc3605e2768c32f39ebcb6b.dl.dropboxusercontent.com (uc2f3fc3605e2768c32f39ebcb6b.dl.dropboxusercontent.com)... 162.125.80.15, 2620:100:6030:15::a27d:500f
Connecting to uc2f3fc3605e2768c32f39ebcb6b.dl.dropboxusercontent.com (uc2f3fc3605e2768c32f39ebcb6b.dl.dropboxusercontent.com)|162.125.80.15|:443... connected.
HTTP request sent, awaiting response... 302 Found
Location: /cd/0/inline2/DBiaThu0otDbZdE2K5Os8okTm3wVRYeJoraJfsRalM10Yf1CAt2SYVTkx2mjyQaw7Cf2tG3RympLy02f7BancJ1FIXvZRJ21-RR9h0der4d0s7EI3_iS1HeVTzEb5Su1vxmu6jBR-_j0RRCW8iaQJrQZpuvt1QRBcWoCSQuLSuzRAOhzHrRCW_6iLea1OwEaKWX_DQcazwyAimHbNeUnAdQyk4_myrEhpLCnZTosTWNGpXhVB-X65PQqU43NbfhkqXuZ9nQRyy654kbUyRLJr4Du3VLeP7Ylw4vJhtYUrFuXZjVpVB5ECHj-WLMGbD5L8xdqBXDD5IrqUQPXdHUYCLfuVVYzWQfUhX5vxSAhuR83EG7yNSW9x59KdL1bWccb0g4/file [following]
--2026-06-01 00:39:40--  https://uc2f3fc3605e2768c32f39ebcb6b.dl.dropboxusercontent.com/cd/0/inline2/DBiaThu0otDbZdE2K5Os8okTm3wVRYeJoraJfsRalM10Yf1CAt2SYVTkx2mjyQaw7Cf2tG3RympLy02f7BancJ1FIXvZRJ21-RR9h0der4d0s7EI3_iS1HeVTzEb5Su1vxmu6jBR-_j0RRCW8iaQJrQZpuvt1QRBcWoCSQuLSuzRAOhzHrRCW_6iLea1OwEaKWX_DQcazwyAimHbNeUnAdQyk4_myrEhpLCnZTosTWNGpXhVB-X65PQqU43NbfhkqXuZ9nQRyy654kbUyRLJr4Du3VLeP7Ylw4vJhtYUrFuXZjVpVB5ECHj-WLMGbD5L8xdqBXDD5IrqUQPXdHUYCLfuVVYzWQfUhX5vxSAhuR83EG7yNSW9x59KdL1bWccb0g4/file
Reusing existing connection to uc2f3fc3605e2768c32f39ebcb6b.dl.dropboxusercontent.com:443.
HTTP request sent, awaiting response... 200 OK
Length: 11671871 (11M) [application/x-gtar]
Saving to: 'data/binary/iwslt14_de_en/iwslt14_de_en.preprocessed.tgz'

     0K .......... .......... .......... .......... ..........  0%  223K 51s
    50K .......... .......... .......... .......... ..........  0%  469K 37s
   100K .......... .......... .......... .......... ..........  1%  667K 30s
   150K .......... .......... .......... .......... ..........  1% 1.11M 25s
   200K .......... .......... .......... .......... ..........  2% 1.25M 22s
   250K .......... .......... .......... .......... ..........  2% 1.34M 19s
   300K .......... .......... .......... .......... ..........  3% 1.65M 17s
   350K .......... .......... .......... .......... ..........  3% 1.83M 16s
   400K .......... .......... .......... .......... ..........  3% 1.66M 15s
   450K .......... .......... .......... .......... ..........  4% 2.55M 14s
   500K .......... .......... .......... .......... ..........  4% 2.77M 13s
   550K .......... .......... .......... .......... ..........  5% 3.23M 12s
   600K .......... .......... .......... .......... ..........  5% 3.29M 11s
   650K .......... .......... .......... .......... ..........  6% 3.56M 11s
   700K .......... .......... .......... .......... ..........  6% 3.92M 10s
   750K .......... .......... .......... .......... ..........  7% 3.87M 9s
   800K .......... .......... .......... .......... ..........  7% 3.23M 9s
   850K .......... .......... .......... .......... ..........  7% 4.50M 9s
   900K .......... .......... .......... .......... ..........  8% 4.81M 8s
   950K .......... .......... .......... .......... ..........  8% 5.12M 8s
  1000K .......... .......... .......... .......... ..........  9% 4.96M 8s
  1050K .......... .......... .......... .......... ..........  9% 5.65M 7s
  1100K .......... .......... .......... .......... .......... 10% 5.91M 7s
  1150K .......... .......... .......... .......... .......... 10% 5.83M 7s
  1200K .......... .......... .......... .......... .......... 10% 4.75M 7s
  1250K .......... .......... .......... .......... .......... 11% 7.01M 6s
  1300K .......... .......... .......... .......... .......... 11% 7.12M 6s
  1350K .......... .......... .......... .......... .......... 12% 6.67M 6s
  1400K .......... .......... .......... .......... .......... 12% 7.41M 6s
  1450K .......... .......... .......... .......... .......... 13% 8.53M 6s
  1500K .......... .......... .......... .......... .......... 13% 7.67M 5s
  1550K .......... .......... .......... .......... .......... 14% 7.96M 5s
  1600K .......... .......... .......... .......... .......... 14% 6.65M 5s
  1650K .......... .......... .......... .......... .......... 14% 8.88M 5s
  1700K .......... .......... .......... .......... .......... 15% 8.58M 5s
  1750K .......... .......... .......... .......... .......... 15% 10.0M 5s
  1800K .......... .......... .......... .......... .......... 16% 9.69M 5s
  1850K .......... .......... .......... .......... .......... 16% 9.38M 4s
  1900K .......... .......... .......... .......... .......... 17% 10.2M 4s
  1950K .......... .......... .......... .......... .......... 17% 9.80M 4s
  2000K .......... .......... .......... .......... .......... 17% 8.02M 4s
  2050K .......... .......... .......... .......... .......... 18% 10.1M 4s
  2100K .......... .......... .......... .......... .......... 18% 10.9M 4s
  2150K .......... .......... .......... .......... .......... 19% 10.8M 4s
  2200K .......... .......... .......... .......... .......... 19% 10.7M 4s
  2250K .......... .......... .......... .......... .......... 20% 11.0M 4s
  2300K .......... .......... .......... .......... .......... 20% 14.5M 4s
  2350K .......... .......... .......... .......... .......... 21% 11.8M 3s
  2400K .......... .......... .......... .......... .......... 21% 9.33M 3s
  2450K .......... .......... .......... .......... .......... 21% 11.8M 3s
  2500K .......... .......... .......... .......... .......... 22% 14.1M 3s
  2550K .......... .......... .......... .......... .......... 22% 12.8M 3s
  2600K .......... .......... .......... .......... .......... 23% 12.7M 3s
  2650K .......... .......... .......... .......... .......... 23% 13.6M 3s
  2700K .......... .......... .......... .......... .......... 24% 15.5M 3s
  2750K .......... .......... .......... .......... .......... 24% 15.0M 3s
  2800K .......... .......... .......... .......... .......... 25% 9.88M 3s
  2850K .......... .......... .......... .......... .......... 25% 14.6M 3s
  2900K .......... .......... .......... .......... .......... 25% 17.1M 3s
  2950K .......... .......... .......... .......... .......... 26% 15.4M 3s
  3000K .......... .......... .......... .......... .......... 26% 13.0M 3s
  3050K .......... .......... .......... .......... .......... 27% 21.7M 3s
  3100K .......... .......... .......... .......... .......... 27% 16.1M 3s
  3150K .......... .......... .......... .......... .......... 28% 16.3M 3s
  3200K .......... .......... .......... .......... .......... 28% 13.0M 2s
  3250K .......... .......... .......... .......... .......... 28% 13.4M 2s
  3300K .......... .......... .......... .......... .......... 29% 25.5M 2s
  3350K .......... .......... .......... .......... .......... 29% 17.4M 2s
  3400K .......... .......... .......... .......... .......... 30% 17.8M 2s
  3450K .......... .......... .......... .......... .......... 30% 14.1M 2s
  3500K .......... .......... .......... .......... .......... 31% 26.3M 2s
  3550K .......... .......... .......... .......... .......... 31% 18.9M 2s
  3600K .......... .......... .......... .......... .......... 32% 14.7M 2s
  3650K .......... .......... .......... .......... .......... 32% 20.3M 2s
  3700K .......... .......... .......... .......... .......... 32% 15.3M 2s
  3750K .......... .......... .......... .......... .......... 33% 24.9M 2s
  3800K .......... .......... .......... .......... .......... 33% 21.5M 2s
  3850K .......... .......... .......... .......... .......... 34% 20.1M 2s
  3900K .......... .......... .......... .......... .......... 34% 16.9M 2s
  3950K .......... .......... .......... .......... .......... 35% 21.8M 2s
  4000K .......... .......... .......... .......... .......... 35% 16.5M 2s
  4050K .......... .......... .......... .......... .......... 35% 21.1M 2s
  4100K .......... .......... .......... .......... .......... 36% 25.5M 2s
  4150K .......... .......... .......... .......... .......... 36% 13.0M 2s
  4200K .......... .......... .......... .......... .......... 37% 22.5M 2s
  4250K .......... .......... .......... .......... .......... 37% 33.3M 2s
  4300K .......... .......... .......... .......... .......... 38% 17.9M 2s
  4350K .......... .......... .......... .......... .......... 38% 19.9M 2s
  4400K .......... .......... .......... .......... .......... 39% 15.4M 2s
  4450K .......... .......... .......... .......... .......... 39% 33.6M 2s
  4500K .......... .......... .......... .......... .......... 39% 20.7M 2s
  4550K .......... .......... .......... .......... .......... 40% 17.8M 2s
  4600K .......... .......... .......... .......... .......... 40% 31.9M 2s
  4650K .......... .......... .......... .......... .......... 41% 22.2M 2s
  4700K .......... .......... .......... .......... .......... 41% 35.8M 1s
  4750K .......... .......... .......... .......... .......... 42% 18.4M 1s
  4800K .......... .......... .......... .......... .......... 42% 19.1M 1s
  4850K .......... .......... .......... .......... .......... 42% 21.4M 1s
  4900K .......... .......... .......... .......... .......... 43% 34.9M 1s
  4950K .......... .......... .......... .......... .......... 43% 33.3M 1s
  5000K .......... .......... .......... .......... .......... 44% 15.1M 1s
  5050K .......... .......... .......... .......... .......... 44% 32.2M 1s
  5100K .......... .......... .......... .......... .......... 45% 28.9M 1s
  5150K .......... .......... .......... .......... .......... 45% 27.2M 1s
  5200K .......... .......... .......... .......... .......... 46% 25.3M 1s
  5250K .......... .......... .......... .......... .......... 46% 19.4M 1s
  5300K .......... .......... .......... .......... .......... 46% 40.7M 1s
  5350K .......... .......... .......... .......... .......... 47% 25.8M 1s
  5400K .......... .......... .......... .......... .......... 47% 29.8M 1s
  5450K .......... .......... .......... .......... .......... 48% 18.7M 1s
  5500K .......... .......... .......... .......... .......... 48% 33.6M 1s
  5550K .......... .......... .......... .......... .......... 49% 38.2M 1s
  5600K .......... .......... .......... .......... .......... 49% 21.2M 1s
  5650K .......... .......... .......... .......... .......... 50% 23.9M 1s
  5700K .......... .......... .......... .......... .......... 50% 31.3M 1s
  5750K .......... .......... .......... .......... .......... 50% 27.6M 1s
  5800K .......... .......... .......... .......... .......... 51% 24.1M 1s
  5850K .......... .......... .......... .......... .......... 51% 27.8M 1s
  5900K .......... .......... .......... .......... .......... 52% 24.0M 1s
  5950K .......... .......... .......... .......... .......... 52% 69.1M 1s
  6000K .......... .......... .......... .......... .......... 53% 23.7M 1s
  6050K .......... .......... .......... .......... .......... 53% 25.9M 1s
  6100K .......... .......... .......... .......... .......... 53% 32.1M 1s
  6150K .......... .......... .......... .......... .......... 54% 25.3M 1s
  6200K .......... .......... .......... .......... .......... 54% 40.1M 1s
  6250K .......... .......... .......... .......... .......... 55% 32.1M 1s
  6300K .......... .......... .......... .......... .......... 55% 48.0M 1s
  6350K .......... .......... .......... .......... .......... 56% 23.7M 1s
  6400K .......... .......... .......... .......... .......... 56% 26.5M 1s
  6450K .......... .......... .......... .......... .......... 57% 51.8M 1s
  6500K .......... .......... .......... .......... .......... 57% 26.0M 1s
  6550K .......... .......... .......... .......... .......... 57% 51.8M 1s
  6600K .......... .......... .......... .......... .......... 58% 26.4M 1s
  6650K .......... .......... .......... .......... .......... 58% 56.0M 1s
  6700K .......... .......... .......... .......... .......... 59% 27.3M 1s
  6750K .......... .......... .......... .......... .......... 59% 38.4M 1s
  6800K .......... .......... .......... .......... .......... 60% 35.1M 1s
  6850K .......... .......... .......... .......... .......... 60% 22.9M 1s
  6900K .......... .......... .......... .......... .......... 60%  102M 1s
  6950K .......... .......... .......... .......... .......... 61% 26.6M 1s
  7000K .......... .......... .......... .......... .......... 61% 51.6M 1s
  7050K .......... .......... .......... .......... .......... 62% 31.6M 1s
  7100K .......... .......... .......... .......... .......... 62% 41.1M 1s
  7150K .......... .......... .......... .......... .......... 63% 31.1M 1s
  7200K .......... .......... .......... .......... .......... 63% 27.9M 1s
  7250K .......... .......... .......... .......... .......... 64% 62.5M 1s
  7300K .......... .......... .......... .......... .......... 64% 33.1M 1s
  7350K .......... .......... .......... .......... .......... 64% 42.6M 1s
  7400K .......... .......... .......... .......... .......... 65% 35.4M 1s
  7450K .......... .......... .......... .......... .......... 65% 55.2M 1s
  7500K .......... .......... .......... .......... .......... 66% 31.6M 1s
  7550K .......... .......... .......... .......... .......... 66% 60.4M 1s
  7600K .......... .......... .......... .......... .......... 67% 26.0M 1s
  7650K .......... .......... .......... .......... .......... 67% 36.0M 1s
  7700K .......... .......... .......... .......... .......... 67% 56.3M 1s
  7750K .......... .......... .......... .......... .......... 68% 32.5M 1s
  7800K .......... .......... .......... .......... .......... 68% 70.1M 1s
  7850K .......... .......... .......... .......... .......... 69% 21.6M 1s
  7900K .......... .......... .......... .......... .......... 69% 83.4M 1s
  7950K .......... .......... .......... .......... .......... 70% 33.6M 0s
  8000K .......... .......... .......... .......... .......... 70% 34.6M 0s
  8050K .......... .......... .......... .......... .......... 71% 64.3M 0s
  8100K .......... .......... .......... .......... .......... 71% 26.5M 0s
  8150K .......... .......... .......... .......... .......... 71%  845K 0s
  8200K .......... .......... .......... .......... .......... 72% 49.0M 0s
  8250K .......... .......... .......... .......... .......... 72% 85.1M 0s
  8300K .......... .......... .......... .......... .......... 73% 22.6M 0s
  8350K .......... .......... .......... .......... .......... 73% 19.0M 0s
  8400K .......... .......... .......... .......... .......... 74% 92.3M 0s
  8450K .......... .......... .......... .......... .......... 74% 11.6M 0s
  8500K .......... .......... .......... .......... .......... 75%  270M 0s
  8550K .......... .......... .......... .......... .......... 75%  264M 0s
  8600K .......... .......... .......... .......... .......... 75%  290M 0s
  8650K .......... .......... .......... .......... .......... 76%  290M 0s
  8700K .......... .......... .......... .......... .......... 76%  304M 0s
  8750K .......... .......... .......... .......... .......... 77%  258M 0s
  8800K .......... .......... .......... .......... .......... 77%  280M 0s
  8850K .......... .......... .......... .......... .......... 78%  295M 0s
  8900K .......... .......... .......... .......... .......... 78%  290M 0s
  8950K .......... .......... .......... .......... .......... 78% 64.2M 0s
  9000K .......... .......... .......... .......... .......... 79% 49.4M 0s
  9050K .......... .......... .......... .......... .......... 79% 29.7M 0s
  9100K .......... .......... .......... .......... .......... 80% 23.4M 0s
  9150K .......... .......... .......... .......... .......... 80%  227M 0s
  9200K .......... .......... .......... .......... .......... 81%  260M 0s
  9250K .......... .......... .......... .......... .......... 81%  143M 0s
  9300K .......... .......... .......... .......... .......... 82%  276M 0s
  9350K .......... .......... .......... .......... .......... 82% 63.3M 0s
  9400K .......... .......... .......... .......... .......... 82% 50.6M 0s
  9450K .......... .......... .......... .......... .......... 83% 47.3M 0s
  9500K .......... .......... .......... .......... .......... 83% 55.4M 0s
  9550K .......... .......... .......... .......... .......... 84% 61.3M 0s
  9600K .......... .......... .......... .......... .......... 84% 18.1M 0s
  9650K .......... .......... .......... .......... .......... 85%  262M 0s
  9700K .......... .......... .......... .......... .......... 85%  263M 0s
  9750K .......... .......... .......... .......... .......... 85%  283M 0s
  9800K .......... .......... .......... .......... .......... 86% 31.7M 0s
  9850K .......... .......... .......... .......... .......... 86% 21.1M 0s
  9900K .......... .......... .......... .......... .......... 87%  262M 0s
  9950K .......... .......... .......... .......... .......... 87%  278M 0s
 10000K .......... .......... .......... .......... .......... 88%  232M 0s
 10050K .......... .......... .......... .......... .......... 88%  262M 0s
 10100K .......... .......... .......... .......... .......... 89%  288M 0s
 10150K .......... .......... .......... .......... .......... 89% 52.8M 0s
 10200K .......... .......... .......... .......... .......... 89% 12.3M 0s
 10250K .......... .......... .......... .......... .......... 90%  282M 0s
 10300K .......... .......... .......... .......... .......... 90%  273M 0s
 10350K .......... .......... .......... .......... .......... 91%  226M 0s
 10400K .......... .......... .......... .......... .......... 91%  237M 0s
 10450K .......... .......... .......... .......... .......... 92%  278M 0s
 10500K .......... .......... .......... .......... .......... 92% 88.8M 0s
 10550K .......... .......... .......... .......... .......... 92%  203M 0s
 10600K .......... .......... .......... .......... .......... 93% 58.3M 0s
 10650K .......... .......... .......... .......... .......... 93% 54.1M 0s
 10700K .......... .......... .......... .......... .......... 94% 59.1M 0s
 10750K .......... .......... .......... .......... .......... 94%  152M 0s
 10800K .......... .......... .......... .......... .......... 95% 63.5M 0s
 10850K .......... .......... .......... .......... .......... 95% 54.7M 0s
 10900K .......... .......... .......... .......... .......... 96% 55.3M 0s
 10950K .......... .......... .......... .......... .......... 96% 51.1M 0s
 11000K .......... .......... .......... .......... .......... 96%  251M 0s
 11050K .......... .......... .......... .......... .......... 97% 69.0M 0s
 11100K .......... .......... .......... .......... .......... 97% 55.3M 0s
 11150K .......... .......... .......... .......... .......... 98% 53.1M 0s
 11200K .......... .......... .......... .......... .......... 98% 69.1M 0s
 11250K .......... .......... .......... .......... .......... 99%  206M 0s
 11300K .......... .......... .......... .......... .......... 99% 56.6M 0s
 11350K .......... .......... .......... .......... ........  100% 56.2M=1.3s

2026-06-01 00:39:42 (8.67 MB/s) - 'data/binary/iwslt14_de_en/iwslt14_de_en.preprocessed.tgz' saved [11671871/11671871]

./
./train.de-en.en.idx
./dict.de.txt
./dict.en.txt
./train.de-en.de.bin
./train.de-en.de.idx
./valid.de-en.de.bin
./valid.de-en.de.idx
./test.de-en.de.bin
./test.de-en.de.idx
./train.de-en.en.bin
./valid.de-en.en.bin
./valid.de-en.en.idx
./test.de-en.en.bin
./test.de-en.en.idx
