| Configs: Namespace(activation_dropout=0.0, activation_fn='relu', adam_betas='(0.9, 0.98)', adam_eps=1e-08, adaptive_input=False, adaptive_softmax_cutoff=None, adaptive_softmax_dropout=0, arch='transformersuper_iwslt_de_en', attention_dropout=0.0, beam=5, best_checkpoint_metric='loss', bucket_cap_mb=25, clip_norm=25, configs='configs/iwslt14.de-en/supertransformer/space1_smoke100.yml', cpu=False, criterion='label_smoothed_cross_entropy', curriculum=0, data='data/binary/iwslt14_de_en', dataset_impl=None, ddp_backend='c10d', decoder_arbitrary_ende_attn_all_subtransformer=None, decoder_arbitrary_ende_attn_choice=[-1, 1, 2], decoder_attention_heads=4, decoder_embed_choice=[640, 512], decoder_embed_dim=640, decoder_embed_dim_subtransformer=None, decoder_embed_path=None, decoder_ende_attention_heads_all_subtransformer=None, decoder_ende_attention_heads_choice=[4, 2], decoder_ffn_embed_dim=2048, decoder_ffn_embed_dim_all_subtransformer=None, decoder_ffn_embed_dim_choice=[2048, 1024, 512], decoder_input_dim=640, decoder_layer_num_choice=[6, 5, 4, 3, 2, 1], decoder_layers=6, decoder_learned_pos=False, decoder_normalize_before=False, decoder_output_dim=640, decoder_self_attention_heads_all_subtransformer=None, decoder_self_attention_heads_choice=[4, 2], device_id=0, disable_validation=False, distributed_backend='nccl', distributed_init_method=None, distributed_no_spawn=False, distributed_port=-1, distributed_rank=0, distributed_world_size=1, diverse_beam_groups=-1, diverse_beam_strength=0.5, dropout=0.375, encoder_attention_heads=4, encoder_embed_choice=[640, 512], encoder_embed_dim=640, encoder_embed_dim_subtransformer=None, encoder_embed_path=None, encoder_ffn_embed_dim=2048, encoder_ffn_embed_dim_all_subtransformer=None, encoder_ffn_embed_dim_choice=[2048, 1024, 512], encoder_layer_num_choice=[6], encoder_layers=6, encoder_learned_pos=False, encoder_normalize_before=False, encoder_self_attention_heads_all_subtransformer=None, encoder_self_attention_heads_choice=[4, 2], find_unused_parameters=False, fix_batches_to_gpus=False, fp16=False, fp16_init_scale=128, fp16_scale_tolerance=0.0, fp16_scale_window=None, get_attn=False, keep_interval_updates=2, keep_last_epochs=20, label_smoothing=0.1, latcpu=False, latgpu=False, latiter=300, latsilent=False, lazy_load=False, left_pad_source='True', left_pad_target='False', lenpen=1, log_format=None, log_interval=10, lr=[0.0005], lr_scheduler='inverse_sqrt', match_source_len=False, max_epoch=0, max_len_a=0, max_len_b=200, max_sentences=None, max_sentences_valid=None, max_source_positions=1024, max_target_positions=1024, max_tokens=2048, max_tokens_valid=2048, max_update=100, maximize_best_checkpoint_metric=False, memory_efficient_fp16=False, min_len=1, min_loss_scale=0.0001, min_lr=-1, model_overrides='{}', nbest=1, no_beamable_mm=False, no_early_stop=False, no_epoch_checkpoints=False, no_last_checkpoints=False, no_progress_bar=False, no_repeat_ngram_size=0, no_save=False, no_save_optimizer_state=False, no_token_positional_embeddings=False, num_workers=10, optimizer='adam', optimizer_overrides='{}', path=None, pdb=False, prefix_size=0, print_alignment=False, profile_flops=False, profile_latency=False, qkv_dim=512, quiet=False, raw_text=False, remove_bpe=None, replace_unk=None, required_batch_size_multiple=8, reset_dataloader=False, reset_lr_scheduler=False, reset_meters=False, reset_optimizer=False, restore_file='checkpoint_last.pt', results_path=None, sacrebleu=False, sampling=False, sampling_topk=-1, sampling_topp=-1.0, save_dir='../checkpoints/iwslt14_super_smoke100', save_interval=1, save_interval_updates=50, score_reference=False, seed=1, sentence_avg=False, share_all_embeddings=False, share_decoder_input_output_embed=False, skip_invalid_size_inputs_valid_test=False, source_lang='de', sub_configs=None, target_lang='en', task='translation', tbmf_wrapper=False, temperature=1.0, tensorboard_logdir='../checkpoints/iwslt14_super_smoke100/tensorboard', threshold_loss_scale=None, train_subset='train', train_subtransformer=False, unkpen=0, unnormalized=False, update_freq=[1], upsample_primary=1, use_bmuf=False, user_dir=None, valid_subset='valid', validate_interval=1, validate_subtransformer=False, vocab_original_scaling=False, warmup_init_lr=1e-07, warmup_updates=10000, weight_decay=0.0001)
| [de] dictionary: 8848 types
| [en] dictionary: 6632 types
| loaded 7283 examples from: data/binary/iwslt14_de_en/valid.de-en.de
| loaded 7283 examples from: data/binary/iwslt14_de_en/valid.de-en.en
| data/binary/iwslt14_de_en valid de-en 7283 examples
| Fallback to xavier initializer
| Model: transformersuper_iwslt_de_en 
| Criterion: LabelSmoothedCrossEntropyCriterion
 

		WARNING!!! Training SuperTransformer


| SuperTransformer Arch: TransformerSuperModel(
  (encoder): TransformerEncoder(
    (embed_tokens): EmbeddingSuper(8848, 640, padding_idx=1)
    (embed_positions): SinusoidalPositionalEmbedding()
    (layers): ModuleList(
      (0): TransformerEncoderLayer(
        (self_attn): MultiheadAttentionSuper	num_heads:4	 qkv_dim:512
          (out_proj): LinearSuper(in_features=512, out_features=640, bias=True)
        )
        (self_attn_layer_norm): LayerNormSuper((640,), eps=1e-05, elementwise_affine=True)
        (fc1): LinearSuper(in_features=640, out_features=2048, bias=True)
        (fc2): LinearSuper(in_features=2048, out_features=640, bias=True)
        (final_layer_norm): LayerNormSuper((640,), eps=1e-05, elementwise_affine=True)
      )
      (1): TransformerEncoderLayer(
        (self_attn): MultiheadAttentionSuper	num_heads:4	 qkv_dim:512
          (out_proj): LinearSuper(in_features=512, out_features=640, bias=True)
        )
        (self_attn_layer_norm): LayerNormSuper((640,), eps=1e-05, elementwise_affine=True)
        (fc1): LinearSuper(in_features=640, out_features=2048, bias=True)
        (fc2): LinearSuper(in_features=2048, out_features=640, bias=True)
        (final_layer_norm): LayerNormSuper((640,), eps=1e-05, elementwise_affine=True)
      )
      (2): TransformerEncoderLayer(
        (self_attn): MultiheadAttentionSuper	num_heads:4	 qkv_dim:512
          (out_proj): LinearSuper(in_features=512, out_features=640, bias=True)
        )
        (self_attn_layer_norm): LayerNormSuper((640,), eps=1e-05, elementwise_affine=True)
        (fc1): LinearSuper(in_features=640, out_features=2048, bias=True)
        (fc2): LinearSuper(in_features=2048, out_features=640, bias=True)
        (final_layer_norm): LayerNormSuper((640,), eps=1e-05, elementwise_affine=True)
      )
      (3): TransformerEncoderLayer(
        (self_attn): MultiheadAttentionSuper	num_heads:4	 qkv_dim:512
          (out_proj): LinearSuper(in_features=512, out_features=640, bias=True)
        )
        (self_attn_layer_norm): LayerNormSuper((640,), eps=1e-05, elementwise_affine=True)
        (fc1): LinearSuper(in_features=640, out_features=2048, bias=True)
        (fc2): LinearSuper(in_features=2048, out_features=640, bias=True)
        (final_layer_norm): LayerNormSuper((640,), eps=1e-05, elementwise_affine=True)
      )
      (4): TransformerEncoderLayer(
        (self_attn): MultiheadAttentionSuper	num_heads:4	 qkv_dim:512
          (out_proj): LinearSuper(in_features=512, out_features=640, bias=True)
        )
        (self_attn_layer_norm): LayerNormSuper((640,), eps=1e-05, elementwise_affine=True)
        (fc1): LinearSuper(in_features=640, out_features=2048, bias=True)
        (fc2): LinearSuper(in_features=2048, out_features=640, bias=True)
        (final_layer_norm): LayerNormSuper((640,), eps=1e-05, elementwise_affine=True)
      )
      (5): TransformerEncoderLayer(
        (self_attn): MultiheadAttentionSuper	num_heads:4	 qkv_dim:512
          (out_proj): LinearSuper(in_features=512, out_features=640, bias=True)
        )
        (self_attn_layer_norm): LayerNormSuper((640,), eps=1e-05, elementwise_affine=True)
        (fc1): LinearSuper(in_features=640, out_features=2048, bias=True)
        (fc2): LinearSuper(in_features=2048, out_features=640, bias=True)
        (final_layer_norm): LayerNormSuper((640,), eps=1e-05, elementwise_affine=True)
      )
    )
  )
  (decoder): TransformerDecoder(
    (embed_tokens): EmbeddingSuper(6632, 640, padding_idx=1)
    (embed_positions): SinusoidalPositionalEmbedding()
    (layers): ModuleList(
      (0): TransformerDecoderLayer(
        (self_attn): MultiheadAttentionSuper	num_heads:4	 qkv_dim:512
          (out_proj): LinearSuper(in_features=512, out_features=640, bias=True)
        )
        (self_attn_layer_norm): LayerNormSuper((640,), eps=1e-05, elementwise_affine=True)
        (encoder_attn): MultiheadAttentionSuper	num_heads:4	 qkv_dim:512
          (out_proj): LinearSuper(in_features=512, out_features=640, bias=True)
        )
        (encoder_attn_layer_norm): LayerNormSuper((640,), eps=1e-05, elementwise_affine=True)
        (fc1): LinearSuper(in_features=640, out_features=2048, bias=True)
        (fc2): LinearSuper(in_features=2048, out_features=640, bias=True)
        (final_layer_norm): LayerNormSuper((640,), eps=1e-05, elementwise_affine=True)
      )
      (1): TransformerDecoderLayer(
        (self_attn): MultiheadAttentionSuper	num_heads:4	 qkv_dim:512
          (out_proj): LinearSuper(in_features=512, out_features=640, bias=True)
        )
        (self_attn_layer_norm): LayerNormSuper((640,), eps=1e-05, elementwise_affine=True)
        (encoder_attn): MultiheadAttentionSuper	num_heads:4	 qkv_dim:512
          (out_proj): LinearSuper(in_features=512, out_features=640, bias=True)
        )
        (encoder_attn_layer_norm): LayerNormSuper((640,), eps=1e-05, elementwise_affine=True)
        (fc1): LinearSuper(in_features=640, out_features=2048, bias=True)
        (fc2): LinearSuper(in_features=2048, out_features=640, bias=True)
        (final_layer_norm): LayerNormSuper((640,), eps=1e-05, elementwise_affine=True)
      )
      (2): TransformerDecoderLayer(
        (self_attn): MultiheadAttentionSuper	num_heads:4	 qkv_dim:512
          (out_proj): LinearSuper(in_features=512, out_features=640, bias=True)
        )
        (self_attn_layer_norm): LayerNormSuper((640,), eps=1e-05, elementwise_affine=True)
        (encoder_attn): MultiheadAttentionSuper	num_heads:4	 qkv_dim:512
          (out_proj): LinearSuper(in_features=512, out_features=640, bias=True)
        )
        (encoder_attn_layer_norm): LayerNormSuper((640,), eps=1e-05, elementwise_affine=True)
        (fc1): LinearSuper(in_features=640, out_features=2048, bias=True)
        (fc2): LinearSuper(in_features=2048, out_features=640, bias=True)
        (final_layer_norm): LayerNormSuper((640,), eps=1e-05, elementwise_affine=True)
      )
      (3): TransformerDecoderLayer(
        (self_attn): MultiheadAttentionSuper	num_heads:4	 qkv_dim:512
          (out_proj): LinearSuper(in_features=512, out_features=640, bias=True)
        )
        (self_attn_layer_norm): LayerNormSuper((640,), eps=1e-05, elementwise_affine=True)
        (encoder_attn): MultiheadAttentionSuper	num_heads:4	 qkv_dim:512
          (out_proj): LinearSuper(in_features=512, out_features=640, bias=True)
        )
        (encoder_attn_layer_norm): LayerNormSuper((640,), eps=1e-05, elementwise_affine=True)
        (fc1): LinearSuper(in_features=640, out_features=2048, bias=True)
        (fc2): LinearSuper(in_features=2048, out_features=640, bias=True)
        (final_layer_norm): LayerNormSuper((640,), eps=1e-05, elementwise_affine=True)
      )
      (4): TransformerDecoderLayer(
        (self_attn): MultiheadAttentionSuper	num_heads:4	 qkv_dim:512
          (out_proj): LinearSuper(in_features=512, out_features=640, bias=True)
        )
        (self_attn_layer_norm): LayerNormSuper((640,), eps=1e-05, elementwise_affine=True)
        (encoder_attn): MultiheadAttentionSuper	num_heads:4	 qkv_dim:512
          (out_proj): LinearSuper(in_features=512, out_features=640, bias=True)
        )
        (encoder_attn_layer_norm): LayerNormSuper((640,), eps=1e-05, elementwise_affine=True)
        (fc1): LinearSuper(in_features=640, out_features=2048, bias=True)
        (fc2): LinearSuper(in_features=2048, out_features=640, bias=True)
        (final_layer_norm): LayerNormSuper((640,), eps=1e-05, elementwise_affine=True)
      )
      (5): TransformerDecoderLayer(
        (self_attn): MultiheadAttentionSuper	num_heads:4	 qkv_dim:512
          (out_proj): LinearSuper(in_features=512, out_features=640, bias=True)
        )
        (self_attn_layer_norm): LayerNormSuper((640,), eps=1e-05, elementwise_affine=True)
        (encoder_attn): MultiheadAttentionSuper	num_heads:4	 qkv_dim:512
          (out_proj): LinearSuper(in_features=512, out_features=640, bias=True)
        )
        (encoder_attn_layer_norm): LayerNormSuper((640,), eps=1e-05, elementwise_affine=True)
        (fc1): LinearSuper(in_features=640, out_features=2048, bias=True)
        (fc2): LinearSuper(in_features=2048, out_features=640, bias=True)
        (final_layer_norm): LayerNormSuper((640,), eps=1e-05, elementwise_affine=True)
      )
    )
  )
) 

| SuperTransofmer model size (without embedding weights): 55160064
| Embedding layer size: 14151680 

| Training on 1 GPUs
| Max tokens per GPU = 2048 and max sentences per GPU = None 

| no existing checkpoint found ../checkpoints/iwslt14_super_smoke100/checkpoint_last.pt
| loading train data for epoch 0
| loaded 160239 examples from: data/binary/iwslt14_de_en/train.de-en.de
| loaded 160239 examples from: data/binary/iwslt14_de_en/train.de-en.en
| data/binary/iwslt14_de_en train de-en 160239 examples
| NOTICE: your device may support faster training with --fp16
/home/u4290247/HAT/hardware-aware-transformers/fairseq/modules/multihead_attention_super.py:198: UserWarning: Output 0 of SplitBackward is a view and is being modified inplace. This view is an output of a function that returns multiple views. Inplace operators on such views are being deprecated and will be forbidden starting from version 1.8. Consider using `unsafe_` version of the function that produced this view or don't modify this view inplace. (Triggered internally at  /opt/conda/conda-bld/pytorch_1607370128159/work/torch/csrc/autograd/variable.cpp:491.)
  q *= self.scaling
Traceback (most recent call last):
  File "train.py", line 381, in <module>
    cli_main()
  File "train.py", line 377, in cli_main
    main(args)
  File "train.py", line 139, in main
    train(args, trainer, task, epoch_itr)
  File "train.py", line 190, in train
    log_output = trainer.train_step(samples, configs=configs)
  File "/home/u4290247/HAT/hardware-aware-transformers/fairseq/trainer.py", line 328, in train_step
    raise e
  File "/home/u4290247/HAT/hardware-aware-transformers/fairseq/trainer.py", line 305, in train_step
    ignore_grad
  File "/home/u4290247/HAT/hardware-aware-transformers/fairseq/tasks/fairseq_task.py", line 235, in train_step
    optimizer.backward(loss)
  File "/home/u4290247/HAT/hardware-aware-transformers/fairseq/optim/fairseq_optimizer.py", line 81, in backward
    loss.backward()
  File "/home/u4290247/miniconda3/envs/hat/lib/python3.7/site-packages/torch/tensor.py", line 221, in backward
    torch.autograd.backward(self, gradient, retain_graph, create_graph)
  File "/home/u4290247/miniconda3/envs/hat/lib/python3.7/site-packages/torch/autograd/__init__.py", line 132, in backward
    allow_unreachable=True)  # allow_unreachable flag
RuntimeError: one of the variables needed for gradient computation has been modified by an inplace operation: [torch.cuda.FloatTensor [31, 56, 1536]], which is output 0 of AddBackward0, is at version 2; expected version 1 instead. Hint: enable anomaly detection to find the operation that failed to compute its gradient, with torch.autograd.set_detect_anomaly(True).
